[www.nexuscrypto.com/index.html]
[backblue.gif]
[fade.gif]
[index.html]
[uploads-ssl.webflow.com/610353ac4481f4248126de0b/css/nexus-crypto-services.webflow.b2eb0ba8a.min.css]
[ajax.googleapis.com/ajax/libs/webfont/1.6.26/webfont.js]
[uploads-ssl.webflow.com/610353ac4481f4248126de0b/61b5d1a2bc0fb0d88cafaded_nexus-favico.png]
[uploads-ssl.webflow.com/610353ac4481f4248126de0b/61b50109e069d6c09101647b_Nexus_X_OnLight_256x256.png]
[uploads-ssl.webflow.com/610353ac4481f4248126de0b/61b5026d1a539b24f294b5b0_Nexus_Full_OnLight_500x95.png]
[www.nexuscrypto.com/promotions.html]
[www.nexuscrypto.com/blog.html]
[uploads-ssl.webflow.com/610353ac4481f4248126de0b/616f5a1091a9cf48df6623ca_certik.png]
[uploads-ssl.webflow.com/610353ac4481f4248126de0b/616f5a1019ab20a0a5ae267d_coingecko.png]
[uploads-ssl.webflow.com/610353ac4481f4248126de0b/61517038934a9472a25098cf_laptop-v2.png]
[uploads-ssl.webflow.com/610353ac4481f4248126de0b/61517037f21fc946398c3a98_mobile-v2.png]
[uploads-ssl.webflow.com/610353ac4481f4248126de0b/61536c9363e0f15d6a54135a_vidpreview.png]
[uploads-ssl.webflow.com/610353ac4481f4248126de0b/6127bf5de62e9a687578304d_mobile2.png]
[uploads-ssl.webflow.com/610353ac4481f4248126de0b/6151744a23353b1a690e0cb5_mobile-pp.png]
[uploads-ssl.webflow.com/610353ac4481f4248126de0b/615177ae7b300352164477d9_laptop-edu.jpg]
[uploads-ssl.webflow.com/610353ac4481f44d4f26de28/6153b6e5e8498492291a8d7f_ncs-jp.png]
[uploads-ssl.webflow.com/610353ac4481f44d4f26de28/61842ca4834749707b14996c_ncs-dopz.png]
[uploads-ssl.webflow.com/610353ac4481f44d4f26de28/6153b6f5b06d9a1d4ea5ee3b_ncs-dan-hazlett.png]
[uploads-ssl.webflow.com/610353ac4481f44d4f26de28/61842e533bca94f70bb468e2_ncs-kj.png]
[uploads-ssl.webflow.com/610353ac4481f44d4f26de28/61842f0f4a1d1ffeaed4f9bf_ncs-trey.png]
[uploads-ssl.webflow.com/610353ac4481f44d4f26de28/61842de7f6c17319d26fa103_ncs-zak.png]
[uploads-ssl.webflow.com/610353ac4481f44d4f26de28/61572a7cff19ca577e26dc6c_22.png]
[www.nexuscrypto.com/blog/how-to-spot-a-rug-pull.html]
[uploads-ssl.webflow.com/610353ac4481f44d4f26de28/61572a8a61d5a70c683c3398_2.png]
[www.nexuscrypto.com/blog/15-common-crypto-terms.html]
[uploads-ssl.webflow.com/610353ac4481f44d4f26de28/61572a5a24839f4ffae6ce4c_19.png]
[uploads-ssl.webflow.com/610353ac4481f4248126de0b/61b5c4f1c6044e9a407740ef_Nexus_Full_OnDark_250x47.png]
[www.nexuscrypto.com/index.html]
[d3e54v103j8qbb.cloudfront.net/js/jquery-3.5.1.min.dc5e7f18c832e6.js]
[uploads-ssl.webflow.com/610353ac4481f4248126de0b/61b5c13cf2f7915bcb532492_nexus_gradient1.jpg]
[uploads-ssl.webflow.com/610353ac4481f4248126de0b/js/webflow.2cbe83d5b.js]
[uploads-ssl.webflow.com/610353ac4481f4248126de0b/6153f4a62c3b9ce52efc28ea_Nexus-Generic-Cover-Muted.jpg]
[uploads-ssl.webflow.com/610353ac4481f4248126de0b/css/nexus-crypto-services.webflow.b2eb0ba8a.min.css]
[www.nexuscrypto.com/promotions.html]
[www.nexuscrypto.com/about.html]
[www.nexuscrypto.com/blog.html]
[www.nexuscrypto.com/blog/how-to-spot-a-rug-pull.html]
[www.nexuscrypto.com/blog/recognizing-a-scraping-scam.html]
[www.nexuscrypto.com/blog/15-common-crypto-terms.html]
[uploads-ssl.webflow.com/610353ac4481f4248126de0b/610353ac4481f483e926de79_image-about-story-crypto-template.png]
[www.nexuscrypto.com/about.html]
[www.nexuscrypto.com/blog/recognizing-a-scraping-scam.html]
[www.nexuscrypto.com/contact.html]
[www.nexuscrypto.com/legal/privacy-policy.html]
[www.nexuscrypto.com/legal/terms-of-service.html]
[www.nexuscrypto.com/blog-category/nerd-stuff.html]
[www.nexuscrypto.com/blog-category/security.html]
[www.nexuscrypto.com/blog-category/announcements.html]
[www.nexuscrypto.com/team/nexus-staff.html]
[www.nexuscrypto.com/team/dan-hazlett.html]
[www.nexuscrypto.com/team/trey-wilson.html]
[www.nexuscrypto.com/team/krystian-szorc.html]
[www.nexuscrypto.com/team/zak-malik.html]
[www.nexuscrypto.com/team/guilherme-uzeda.html]
[www.nexuscrypto.com/team/jean-patrick-smith.html]
